#-----------------------------------------------------------
# Vivado v2020.2 (64-bit)
# SW Build 3064766 on Wed Nov 18 09:12:45 MST 2020
# IP Build 3064653 on Wed Nov 18 14:17:31 MST 2020
# Start of session at: Wed Oct 19 18:51:17 2022
# Process ID: 8680
# Current directory: C:/Users/user/Desktop/LogicDesignLab/lab3_advanced
# Command line: vivado.exe -gui_launcher_event rodinguilauncherevent18152 C:\Users\user\Desktop\LogicDesignLab\lab3_advanced\lab3_advanced.xpr
# Log file: C:/Users/user/Desktop/LogicDesignLab/lab3_advanced/vivado.log
# Journal file: C:/Users/user/Desktop/LogicDesignLab/lab3_advanced\vivado.jou
#-----------------------------------------------------------
start_gui
open_project C:/Users/user/Desktop/LogicDesignLab/lab3_advanced/lab3_advanced.xpr
update_compile_order -fileset sources_1
reset_run synth_1
launch_runs impl_1 -to_step write_bitstream -jobs 8
wait_on_run impl_1
open_hw_manager
connect_hw_server -allow_non_jtag
open_hw_target
set_property PROGRAM.FILE {C:/Users/user/Desktop/LogicDesignLab/lab3_advanced/lab3_advanced.runs/impl_1/Parameterized_Ping_Pong_Counter_fpga.bit} [get_hw_devices xc7a35t_0]
current_hw_device [get_hw_devices xc7a35t_0]
refresh_hw_device -update_hw_probes false [lindex [get_hw_devices xc7a35t_0] 0]
set_property PROBES.FILE {} [get_hw_devices xc7a35t_0]
set_property FULL_PROBES.FILE {} [get_hw_devices xc7a35t_0]
set_property PROGRAM.FILE {C:/Users/user/Desktop/LogicDesignLab/lab3_advanced/lab3_advanced.runs/impl_1/Parameterized_Ping_Pong_Counter_fpga.bit} [get_hw_devices xc7a35t_0]
program_hw_devices [get_hw_devices xc7a35t_0]
refresh_hw_device [lindex [get_hw_devices xc7a35t_0] 0]
close_hw_manager
reset_run synth_1
launch_runs impl_1 -to_step write_bitstream -jobs 8
wait_on_run impl_1
open_hw_manager
connect_hw_server -allow_non_jtag
disconnect_hw_server localhost:3121
connect_hw_server -allow_non_jtag
open_hw_target
set_property PROGRAM.FILE {C:/Users/user/Desktop/LogicDesignLab/lab3_advanced/lab3_advanced.runs/impl_1/Parameterized_Ping_Pong_Counter_fpga.bit} [get_hw_devices xc7a35t_0]
current_hw_device [get_hw_devices xc7a35t_0]
refresh_hw_device -update_hw_probes false [lindex [get_hw_devices xc7a35t_0] 0]
set_property PROBES.FILE {} [get_hw_devices xc7a35t_0]
set_property FULL_PROBES.FILE {} [get_hw_devices xc7a35t_0]
set_property PROGRAM.FILE {C:/Users/user/Desktop/LogicDesignLab/lab3_advanced/lab3_advanced.runs/impl_1/Parameterized_Ping_Pong_Counter_fpga.bit} [get_hw_devices xc7a35t_0]
program_hw_devices [get_hw_devices xc7a35t_0]
refresh_hw_device [lindex [get_hw_devices xc7a35t_0] 0]
close_hw_manager
