#-----------------------------------------------------------
# Vivado v2020.2 (64-bit)
# SW Build 3064766 on Wed Nov 18 09:12:45 MST 2020
# IP Build 3064653 on Wed Nov 18 14:17:31 MST 2020
# Start of session at: Mon Oct 17 22:39:54 2022
# Process ID: 580
# Current directory: C:/Users/user/Desktop/LogicDesignLab/lab3_advanced
# Command line: vivado.exe -gui_launcher_event rodinguilauncherevent17896 C:\Users\user\Desktop\LogicDesignLab\lab3_advanced\lab3_advanced.xpr
# Log file: C:/Users/user/Desktop/LogicDesignLab/lab3_advanced/vivado.log
# Journal file: C:/Users/user/Desktop/LogicDesignLab/lab3_advanced\vivado.jou
#-----------------------------------------------------------
start_gui
open_project C:/Users/user/Desktop/LogicDesignLab/lab3_advanced/lab3_advanced.xpr
update_compile_order -fileset sources_1
file mkdir C:/Users/user/Desktop/LogicDesignLab/lab3_advanced/lab3_advanced.srcs/sources_1/new
close [ open C:/Users/user/Desktop/LogicDesignLab/lab3_advanced/lab3_advanced.srcs/sources_1/new/Lab3_Team30_Ping_Pong_Counter_t.v w ]
add_files C:/Users/user/Desktop/LogicDesignLab/lab3_advanced/lab3_advanced.srcs/sources_1/new/Lab3_Team30_Ping_Pong_Counter_t.v
update_compile_order -fileset sources_1
# Disabling source management mode.  This is to allow the top design properties to be set without GUI intervention.
set_property source_mgmt_mode None [current_project]
set_property top Ping_Pong_Counter_t [current_fileset]
# Re-enabling previously disabled source management mode.
set_property source_mgmt_mode All [current_project]
update_compile_order -fileset sources_1
create_fileset -simset PPC
set_property SOURCE_SET sources_1 [get_filesets PPC]
current_fileset -simset [ get_filesets PPC ]
set_property top Ping_Pong_Counter_t [get_filesets PPC]
set_property top_lib xil_defaultlib [get_filesets PPC]
launch_simulation -simset [get_filesets PPC ]
source Ping_Pong_Counter_t.tcl
close_sim
launch_simulation -simset [get_filesets PPC ]
source Ping_Pong_Counter_t.tcl
close_sim
launch_simulation -simset [get_filesets PPC ]
source Ping_Pong_Counter_t.tcl
close_sim
launch_simulation -simset [get_filesets PPC ]
source Ping_Pong_Counter_t.tcl
close_sim
launch_simulation -simset [get_filesets PPC ]
source Ping_Pong_Counter_t.tcl
close_sim
close_project
open_project C:/Users/user/Desktop/LogicDesignLab/lab3_advanced/lab3_advanced.xpr
update_compile_order -fileset sources_1
close [ open C:/Users/user/Desktop/LogicDesignLab/lab3_advanced/lab3_advanced.srcs/sources_1/new/Lab3_Team30_Parameterized_Ping_Pong_Counter_t.v w ]
add_files C:/Users/user/Desktop/LogicDesignLab/lab3_advanced/lab3_advanced.srcs/sources_1/new/Lab3_Team30_Parameterized_Ping_Pong_Counter_t.v
update_compile_order -fileset sources_1
