#-----------------------------------------------------------
# Vivado v2020.2 (64-bit)
# SW Build 3064766 on Wed Nov 18 09:12:45 MST 2020
# IP Build 3064653 on Wed Nov 18 14:17:31 MST 2020
# Start of session at: Tue Oct 18 15:39:56 2022
# Process ID: 9364
# Current directory: C:/Users/user/Desktop/LogicDesignLab/lab3_advanced
# Command line: vivado.exe -gui_launcher_event rodinguilauncherevent5496 C:\Users\user\Desktop\LogicDesignLab\lab3_advanced\lab3_advanced.xpr
# Log file: C:/Users/user/Desktop/LogicDesignLab/lab3_advanced/vivado.log
# Journal file: C:/Users/user/Desktop/LogicDesignLab/lab3_advanced\vivado.jou
#-----------------------------------------------------------
start_gui
open_project C:/Users/user/Desktop/LogicDesignLab/lab3_advanced/lab3_advanced.xpr
update_compile_order -fileset sources_1
launch_simulation -simset [get_filesets PAPPC ]
source Parameterized_Ping_Pong_Counter_t.tcl
close_sim
launch_simulation -simset [get_filesets PAPPC ]
source Parameterized_Ping_Pong_Counter_t.tcl
close_sim
launch_simulation -simset [get_filesets PAPPC ]
source Parameterized_Ping_Pong_Counter_t.tcl
close_sim
launch_simulation -simset [get_filesets PAPPC ]
source Parameterized_Ping_Pong_Counter_t.tcl
close_sim
launch_simulation -simset [get_filesets PAPPC ]
source Parameterized_Ping_Pong_Counter_t.tcl
close_sim
launch_simulation -simset [get_filesets PAPPC ]
source Parameterized_Ping_Pong_Counter_t.tcl
close_sim
launch_simulation -simset [get_filesets PAPPC ]
source Parameterized_Ping_Pong_Counter_t.tcl
close_sim
launch_simulation -simset [get_filesets PAPPC ]
source Parameterized_Ping_Pong_Counter_t.tcl
close_sim
launch_simulation -simset [get_filesets PAPPC ]
source Parameterized_Ping_Pong_Counter_t.tcl
close_sim
launch_simulation -simset [get_filesets PAPPC ]
source Parameterized_Ping_Pong_Counter_t.tcl
close_sim
launch_simulation -simset [get_filesets PAPPC ]
source Parameterized_Ping_Pong_Counter_t.tcl
close_sim
